// Jest Snapshot v1, https://goo.gl/fbAQLP

exports[`Gallery should render 1`] = `
<DocumentFragment>
  <div
    style="width: 100%; height: auto; overflow-x: hidden; overflow-y: hidden; margin: auto;"
  >
    <style>
      
      .react-image-masonry-col * { width: 100%; box-sizing: border-box; }
      @keyframes fadeIn { from { opacity:0; } to { opacity:1; } }
    
    </style>
    <div
      class="react-image-masonry-col"
      style="width: 33.333333333333336%; display: flex; flex-direction: column; float: left;"
    />
    <div
      class="react-image-masonry-col"
      style="width: 33.333333333333336%; display: flex; flex-direction: column; float: left;"
    />
    <div
      class="react-image-masonry-col"
      style="width: 33.333333333333336%; display: flex; flex-direction: column; float: left;"
    />
  </div>
</DocumentFragment>
`;
